// Vitest Snapshot v1, https://vitest.dev/guide/snapshot.html

exports[`trace detail view > renders answer source label in real DOM 1`] = `
"<div data-v-209d14a1="" class="trace-page">
  <div data-v-209d14a1="" class="trace-hero">
    <div data-v-209d14a1="" class="hero-main">
      <div data-v-209d14a1="" class="hero-title">请求链路追踪</div>
      <div data-v-209d14a1="" class="hero-subtitle">实时监控请求处理全流程，透明化每一步操作</div>
    </div>
    <div data-v-209d14a1="" class="hero-actions"><button data-v-209d14a1="" aria-disabled="false" type="button" class="el-button el-button--danger is-plain">
        <!--v-if--><span class=""> 清理链路记录 </span>
      </button><button data-v-209d14a1="" aria-disabled="false" type="button" class="el-button el-button--primary">
        <!--v-if--><span class=""><i data-v-209d14a1="" class="el-icon"><svg data-v-209d14a1="" xmlns="http://www.w3.org/2000/svg" viewBox="0 0 1024 1024"><path fill="currentColor" d="M771.776 794.88A384 384 0 0 1 128 512h64a320 320 0 0 0 555.712 216.448H654.72a32 32 0 1 1 0-64h149.056a32 32 0 0 1 32 32v148.928a32 32 0 1 1-64 0v-50.56zM276.288 295.616h92.992a32 32 0 0 1 0 64H220.16a32 32 0 0 1-32-32V178.56a32 32 0 0 1 64 0v50.56A384 384 0 0 1 896.128 512h-64a320 320 0 0 0-555.776-216.384z"></path></svg></i> 刷新 </span>
      </button></div>
  </div>
  <div data-v-209d14a1="" class="panel">
    <div data-v-209d14a1="" class="panel-header">
      <div data-v-209d14a1="" class="panel-title">请求列表</div>
      <div data-v-209d14a1="" class="panel-filters">
        <div data-v-209d14a1="" class="el-select" style="width: 120px;">
          <div class="el-select__wrapper el-tooltip__trigger el-tooltip__trigger" tabindex="-1">
            <!--v-if-->
            <div class="el-select__selection">
              <!--v-if-->
              <div class="el-select__selected-item el-select__input-wrapper is-hidden"><input type="text" class="el-select__input" autocomplete="off" style="min-width: 11px;" tabindex="0" role="combobox" readonly="" spellcheck="false" aria-activedescendant="" aria-controls="el-id-x" aria-expanded="false" aria-autocomplete="none" aria-haspopup="listbox" value="" id="el-id-x">
                <!--v-if-->
              </div>
              <div class="el-select__selected-item el-select__placeholder is-transparent"><span>状态</span></div>
            </div>
            <div class="el-select__suffix"><i class="el-icon el-select__caret el-select__icon"><svg xmlns="http://www.w3.org/2000/svg" viewBox="0 0 1024 1024">
                  <path fill="currentColor" d="M831.872 340.864 512 652.672 192.128 340.864a30.59 30.59 0 0 0-42.752 0 29.12 29.12 0 0 0 0 41.6L489.664 714.24a32 32 0 0 0 44.672 0l340.288-331.712a29.12 29.12 0 0 0 0-41.728 30.59 30.59 0 0 0-42.752 0z"></path>
                </svg></i>
              <!--v-if-->
              <!--v-if-->
            </div>
          </div>
          <teleport-stub to="#el-popper-container-x" disabled="false"></teleport-stub>
        </div>
        <div data-v-209d14a1="" class="el-input el-input--suffix" style="width: 200px;">
          <!-- input -->
          <!-- prepend slot -->
          <!--v-if-->
          <div class="el-input__wrapper" tabindex="-1">
            <!-- prefix slot -->
            <!--v-if--><input class="el-input__inner" type="text" autocomplete="off" tabindex="0" placeholder="操作类型" id="el-id-x"><!-- suffix slot -->
            <!--v-if-->
          </div><!-- append slot -->
          <!--v-if-->
        </div>
      </div>
    </div>
    <div data-v-209d14a1="" class="el-table--fit el-table--striped el-table--enable-row-transition el-table el-table--layout-fixed" data-prefix="el" loading-number="1">
      <div class="el-table__inner-wrapper">
        <div class="hidden-columns">
          <div data-v-209d14a1=""></div>
          <div data-v-209d14a1=""></div>
          <div data-v-209d14a1=""></div>
          <div data-v-209d14a1=""></div>
          <div data-v-209d14a1=""></div>
          <div data-v-209d14a1=""></div>
          <div data-v-209d14a1=""></div>
          <div data-v-209d14a1=""></div>
          <div data-v-209d14a1=""></div>
          <div data-v-209d14a1=""></div>
          <div data-v-209d14a1=""></div>
          <div data-v-209d14a1=""></div>
        </div>
        <div class="el-table__header-wrapper">
          <table class="el-table__header" border="0" cellpadding="0" cellspacing="0">
            <colgroup>
              <col name="el-table_1_column_1" width="160">
              <col name="el-table_1_column_2" width="120">
              <col name="el-table_1_column_3" width="80">
              <col name="el-table_1_column_4" width="200">
              <col name="el-table_1_column_5" width="120">
              <col name="el-table_1_column_6" width="180">
              <col name="el-table_1_column_7" width="90">
              <col name="el-table_1_column_8" width="80">
              <col name="el-table_1_column_9" width="100">
              <col name="el-table_1_column_10" width="120">
              <col name="el-table_1_column_11" width="280">
              <col name="el-table_1_column_12" width="100">
            </colgroup>
            <thead class="">
              <tr class="">
                <th class="el-table_1_column_1 is-leaf el-table__cell" colspan="1" rowspan="1" scope="col">
                  <div class="cell">时间
                    <!---->
                    <!---->
                  </div>
                </th>
                <th class="el-table_1_column_2 is-leaf el-table__cell" colspan="1" rowspan="1" scope="col">
                  <div class="cell">任务类型
                    <!---->
                    <!---->
                  </div>
                </th>
                <th class="el-table_1_column_3 is-leaf el-table__cell" colspan="1" rowspan="1" scope="col">
                  <div class="cell">方法
                    <!---->
                    <!---->
                  </div>
                </th>
                <th class="el-table_1_column_4 is-leaf el-table__cell" colspan="1" rowspan="1" scope="col">
                  <div class="cell">路径
                    <!---->
                    <!---->
                  </div>
                </th>
                <th class="el-table_1_column_5 is-leaf el-table__cell" colspan="1" rowspan="1" scope="col">
                  <div class="cell">模型
                    <!---->
                    <!---->
                  </div>
                </th>
                <th class="el-table_1_column_6 is-leaf el-table__cell" colspan="1" rowspan="1" scope="col">
                  <div class="cell">服务商
                    <!---->
                    <!---->
                  </div>
                </th>
                <th class="el-table_1_column_7 is-leaf el-table__cell" colspan="1" rowspan="1" scope="col">
                  <div class="cell">步骤
                    <!---->
                    <!---->
                  </div>
                </th>
                <th class="el-table_1_column_8 is-leaf el-table__cell" colspan="1" rowspan="1" scope="col">
                  <div class="cell">状态
                    <!---->
                    <!---->
                  </div>
                </th>
                <th class="el-table_1_column_9 is-leaf el-table__cell" colspan="1" rowspan="1" scope="col">
                  <div class="cell">耗时
                    <!---->
                    <!---->
                  </div>
                </th>
                <th class="el-table_1_column_10 is-leaf el-table__cell" colspan="1" rowspan="1" scope="col">
                  <div class="cell">AI回复来源
                    <!---->
                    <!---->
                  </div>
                </th>
                <th class="el-table_1_column_11 is-leaf el-table__cell" colspan="1" rowspan="1" scope="col">
                  <div class="cell">Request ID
                    <!---->
                    <!---->
                  </div>
                </th>
                <th class="el-table_1_column_12 el-table-fixed-column--right is-first-column is-leaf el-table__cell" colspan="1" rowspan="1" scope="col" style="right: 0px;">
                  <div class="cell">操作
                    <!---->
                    <!---->
                  </div>
                </th>
              </tr>
            </thead>
          </table>
        </div>
        <div class="el-table__body-wrapper">
          <div class="el-scrollbar">
            <div class="el-scrollbar__wrap el-scrollbar__wrap--hidden-default">
              <div class="el-scrollbar__view" style="display: inline-block; vertical-align: middle;">
                <table class="el-table__body" cellspacing="0" cellpadding="0" border="0" style="table-layout: fixed;">
                  <colgroup>
                    <col name="el-table_1_column_1" width="160">
                    <col name="el-table_1_column_2" width="120">
                    <col name="el-table_1_column_3" width="80">
                    <col name="el-table_1_column_4" width="200">
                    <col name="el-table_1_column_5" width="120">
                    <col name="el-table_1_column_6" width="180">
                    <col name="el-table_1_column_7" width="90">
                    <col name="el-table_1_column_8" width="80">
                    <col name="el-table_1_column_9" width="100">
                    <col name="el-table_1_column_10" width="120">
                    <col name="el-table_1_column_11" width="280">
                    <col name="el-table_1_column_12" width="100">
                  </colgroup>
                  <!--v-if-->
                  <tbody tabindex="-1">
                    <tr class="el-table__row">
                      <td colspan="1" rowspan="1" class="el-table_1_column_1 el-table__cell">
                        <div class="cell">
                          <!---->2026/3/9 08:00:00
                        </div>
                      </td>
                      <td colspan="1" rowspan="1" class="el-table_1_column_2 el-table__cell">
                        <div class="cell">
                          <!---->分析
                        </div>
                      </td>
                      <td colspan="1" rowspan="1" class="el-table_1_column_3 el-table__cell">
                        <div class="cell">
                          <!---->
                          <transition-stub data-v-209d14a1="" name="el-zoom-in-center" appear="true" persisted="false" css="true"><span class="el-tag el-tag--success el-tag--small el-tag--light"><span class="el-tag__content">POST</span>
                            <!--v-if--></span>
                          </transition-stub>
                        </div>
                      </td>
                      <td colspan="1" rowspan="1" class="el-table_1_column_4 el-table__cell">
                        <div class="cell el-tooltip" style="width: 198px;">
                          <!---->/api/v1/chat/completions
                        </div>
                      </td>
                      <td colspan="1" rowspan="1" class="el-table_1_column_5 el-table__cell">
                        <div class="cell">
                          <!---->deepseek-chat
                        </div>
                      </td>
                      <td colspan="1" rowspan="1" class="el-table_1_column_6 el-table__cell">
                        <div class="cell">
                          <!---->
                          <div data-v-209d14a1="" class="provider-cell"><img data-v-209d14a1="" src="/logos/openai.svg" alt="OpenAI" class="provider-logo"><span data-v-209d14a1="" class="provider-label">OpenAI</span></div>
                        </div>
                      </td>
                      <td colspan="1" rowspan="1" class="el-table_1_column_7 el-table__cell">
                        <div class="cell">
                          <!---->
                          <transition-stub data-v-209d14a1="" name="el-zoom-in-center" appear="true" persisted="false" css="true"><span class="el-tag el-tag--primary el-tag--small el-tag--plain"><span class="el-tag__content">4步</span>
                            <!--v-if--></span>
                          </transition-stub>
                        </div>
                      </td>
                      <td colspan="1" rowspan="1" class="el-table_1_column_8 el-table__cell">
                        <div class="cell">
                          <!---->
                          <transition-stub data-v-209d14a1="" name="el-zoom-in-center" appear="true" persisted="false" css="true"><span class="el-tag el-tag--success el-tag--small el-tag--light"><span class="el-tag__content">成功</span>
                            <!--v-if--></span>
                          </transition-stub>
                        </div>
                      </td>
                      <td colspan="1" rowspan="1" class="el-table_1_column_9 el-table__cell">
                        <div class="cell">
                          <!---->0.120s
                        </div>
                      </td>
                      <td colspan="1" rowspan="1" class="el-table_1_column_10 el-table__cell">
                        <div class="cell">
                          <!---->
                          <transition-stub data-v-209d14a1="" name="el-zoom-in-center" appear="true" persisted="false" css="true"><span class="el-tag el-tag--primary el-tag--small el-tag--plain"><span class="el-tag__content">向量缓存</span>
                            <!--v-if--></span>
                          </transition-stub>
                        </div>
                      </td>
                      <td colspan="1" rowspan="1" class="el-table_1_column_11 el-table__cell">
                        <div class="cell el-tooltip" style="width: 278px;">
                          <!---->req-dom-1
                        </div>
                      </td>
                      <td colspan="1" rowspan="1" style="right: 0px;" class="el-table_1_column_12 el-table-fixed-column--right is-first-column el-table__cell">
                        <div class="cell">
                          <!----><button data-v-209d14a1="" aria-disabled="false" type="button" class="el-button el-button--primary el-button--small is-link">
                            <!--v-if--><span class="">详情</span>
                          </button>
                        </div>
                      </td>
                    </tr>
                  </tbody>
                  <!--v-if-->
                </table>
                <!--v-if-->
                <!--v-if-->
              </div>
            </div>
            <transition-stub name="el-scrollbar-fade" appear="false" persisted="true" css="true">
              <div class="el-scrollbar__bar is-horizontal" style="display: none;">
                <div class="el-scrollbar__thumb" style="transform: translateX(0%);"></div>
              </div>
            </transition-stub>
            <transition-stub name="el-scrollbar-fade" appear="false" persisted="true" css="true">
              <div class="el-scrollbar__bar is-vertical" style="display: none;">
                <div class="el-scrollbar__thumb" style="transform: translateY(0%);"></div>
              </div>
            </transition-stub>
          </div>
        </div>
        <!--v-if-->
        <!--v-if-->
      </div>
      <div class="el-table__column-resize-proxy" style="display: none;"></div>
      <transition-stub name="el-loading-fade" appear="false" persisted="false" css="true">
        <div class="el-loading-mask" style="display: none;">
          <div class="el-loading-spinner"><svg class="circular" viewBox="0 0 50 50">
              <circle class="path" cx="25" cy="25" r="20" fill="none"></circle>
            </svg>
            <!---->
          </div>
        </div>
      </transition-stub>
    </div>
    <div data-v-209d14a1="" class="pagination">
      <div data-v-209d14a1="" class="el-pagination"><span class="el-pagination__total is-first" disabled="false">Total 1</span><span class="el-pagination__sizes"><div class="el-select"><div class="el-select__wrapper el-tooltip__trigger el-tooltip__trigger" tabindex="-1"><!--v-if--><div class="el-select__selection"><!--v-if--><div class="el-select__selected-item el-select__input-wrapper is-hidden"><input type="text" class="el-select__input" autocomplete="off" style="min-width: 11px;" tabindex="0" role="combobox" readonly="" spellcheck="false" aria-activedescendant="" aria-controls="el-id-x" aria-expanded="false" aria-autocomplete="none" aria-haspopup="listbox" value="" id="el-id-x"><!--v-if--></div><div class="el-select__selected-item el-select__placeholder"><span>20</span></div>
    </div>
    <div class="el-select__suffix"><i class="el-icon el-select__caret el-select__icon"><svg xmlns="http://www.w3.org/2000/svg" viewBox="0 0 1024 1024">
          <path fill="currentColor" d="M831.872 340.864 512 652.672 192.128 340.864a30.59 30.59 0 0 0-42.752 0 29.12 29.12 0 0 0 0 41.6L489.664 714.24a32 32 0 0 0 44.672 0l340.288-331.712a29.12 29.12 0 0 0 0-41.728 30.59 30.59 0 0 0-42.752 0z"></path>
        </svg></i>
      <!--v-if-->
      <!--v-if-->
    </div>
  </div>
  <teleport-stub to="#el-popper-container-x" disabled="false"></teleport-stub>
</div></span><button type="button" class="btn-prev" disabled="" aria-label="Go to previous page" aria-disabled="true"><i class="el-icon"><svg xmlns="http://www.w3.org/2000/svg" viewBox="0 0 1024 1024">
      <path fill="currentColor" d="M609.408 149.376 277.76 489.6a32 32 0 0 0 0 44.672l331.648 340.352a29.12 29.12 0 0 0 41.728 0 30.59 30.59 0 0 0 0-42.752L339.264 511.936l311.872-319.872a30.59 30.59 0 0 0 0-42.688 29.12 29.12 0 0 0-41.728 0"></path>
    </svg></i></button>
<ul class="el-pager">
  <li class="is-active number" aria-current="true" aria-label="page 1" tabindex="0"> 1 </li>
  <!--v-if-->
  <!--v-if-->
  <!--v-if-->
</ul><button type="button" class="btn-next is-last" disabled="" aria-label="Go to next page" aria-disabled="true"><i class="el-icon"><svg xmlns="http://www.w3.org/2000/svg" viewBox="0 0 1024 1024">
      <path fill="currentColor" d="M340.864 149.312a30.59 30.59 0 0 0 0 42.752L652.736 512 340.864 831.872a30.59 30.59 0 0 0 0 42.752 29.12 29.12 0 0 0 41.728 0L714.24 534.336a32 32 0 0 0 0-44.672L382.592 149.376a29.12 29.12 0 0 0-41.728 0z"></path>
    </svg></i></button></div>
</div>
</div><!-- 详情对话框 -->
<div data-v-209d14a1="" modelvalue="false" title="请求链路详情" width="900px"></div>
<div data-v-209d14a1="" modelvalue="false" title="完整 AI 回复" width="760px"></div>
<div data-v-209d14a1="" modelvalue="false" title="" width="760px"><pre data-v-209d14a1="" class="message-full">-</pre>
</div>
</div>"
`;
